
> Configure project :common
Architectury Loom: 1.11.458
Architect Plugin: 3.4.162

> Task :common:checkKotlinGradlePluginConfigurationErrors SKIPPED
> Task :common:compileKotlin NO-SOURCE

> Task :common:compileJava FAILED
.\gradlew : warning: unknown enum constant EnvType.CLIENT
At line:1 char:1
+ .\gradlew :common:compileJava --continue > compile_output.txt 2>&1
+ ~~~~~~~~~~~~~~~~~~~~~~~~~~~~~~~~~~~~~~~~~~~~~~~~~~~~~~~~~~~~~~~~~~
    + CategoryInfo          : NotSpecified: (warning: unknow... EnvType.CLIENT:String) [], RemoteException
    + FullyQualifiedErrorId : NativeCommandError
 
  reason: class file for net.fabricmc.api.EnvType not found
warning: unknown enum constant EnvType.CLIENT
warning: unknown enum constant EnvType.CLIENT
warning: unknown enum constant EnvType.CLIENT
warning: unknown enum constant EnvType.CLIENT
warning: unknown enum constant EnvType.CLIENT
warning: unknown enum constant EnvType.CLIENT
warning: unknown enum constant EnvType.CLIENT
warning: unknown enum constant EnvType.CLIENT
warning: unknown enum constant EnvType.CLIENT
warning: unknown enum constant EnvType.CLIENT
  reason: class file for net.fabricmc.api.EnvType not found
warning: unknown enum constant EnvType.CLIENT
warning: unknown enum constant EnvType.CLIENT
warning: unknown enum constant EnvType.CLIENT
warning: unknown enum constant EnvType.CLIENT
warning: unknown enum constant EnvType.CLIENT
warning: unknown enum constant EnvType.CLIENT
warning: unknown enum constant EnvType.CLIENT
warning: unknown enum constant EnvType.CLIENT
warning: unknown enum constant EnvType.CLIENT
warning: unknown enum constant EnvType.CLIENT
  reason: class file for net.fabricmc.api.EnvType not found
warning: unknown enum constant EnvType.CLIENT
warning: unknown enum constant EnvType.CLIENT
warning: unknown enum constant EnvType.CLIENT
warning: unknown enum constant EnvType.CLIENT
warning: unknown enum constant EnvType.CLIENT
warning: unknown enum constant EnvType.CLIENT
warning: unknown enum constant EnvType.CLIENT
warning: unknown enum constant EnvType.CLIENT
warning: unknown enum constant EnvType.CLIENT
warning: unknown enum constant EnvType.CLIENT
warning: unknown enum constant EnvType.CLIENT
warning: unknown enum constant EnvType.CLIENT
warning: unknown enum constant EnvType.CLIENT
warning: unknown enum constant EnvType.CLIENT
warning: unknown enum constant EnvType.CLIENT
warning: unknown enum constant EnvType.CLIENT
warning: unknown enum constant EnvType.CLIENT
warning: unknown enum constant EnvType.CLIENT
warning: unknown enum constant EnvType.CLIENT
warning: unknown enum constant EnvType.CLIENT
warning: unknown enum constant EnvType.CLIENT
warning: unknown enum constant EnvType.CLIENT
E:\multi-platform-cobbledollars-villagers-overhaul-rca\common\src\main\java\nl\streats1\cobbledollarsvillagersoverhaul\integration\CobbleDollarsConfigHelper.java:125: error: constructor ShopOfferEntry in record ShopOfferEntry cannot be applied to given types;
                        out.add(new CobbleDollarsShopPayloads.ShopOfferEntry(new ItemStack(item, 1), price, empty, true));
                                ^
  required: ItemStack,int,ItemStack,boolean,String
  found:    ItemStack,int,ItemStack,boolean
  reason: actual and formal argument lists differ in length
E:\multi-platform-cobbledollars-villagers-overhaul-rca\common\src\main\java\nl\streats1\cobbledollarsvillagersoverhaul\network\CobbleDollarsShopPayloadHandlers.java:680: error: constructor ShopOfferEntry in record ShopOfferEntry cannot be applied to given types;
                    sellOut.add(new CobbleDollarsShopPayloads.ShopOfferEntry(
                                ^
  required: ItemStack,int,ItemStack,boolean,String
  found:    ItemStack,int,ItemStack,boolean
  reason: actual and formal argument lists differ in length
E:\multi-platform-cobbledollars-villagers-overhaul-rca\common\src\main\java\nl\streats1\cobbledollarsvillagersoverhaul\network\CobbleDollarsShopPayloadHandlers.java:737: error: constructor ShopOfferEntry in record ShopOfferEntry cannot be applied to given types;
                    buyOut.add(new CobbleDollarsShopPayloads.ShopOfferEntry(
                               ^
  required: ItemStack,int,ItemStack,boolean,String
  found:    ItemStack,int,ItemStack,boolean
  reason: actual and formal argument lists differ in length
E:\multi-platform-cobbledollars-villagers-overhaul-rca\common\src\main\java\nl\streats1\cobbledollarsvillagersoverhaul\network\CobbleDollarsShopPayloadHandlers.java:749: error: constructor ShopOfferEntry in record ShopOfferEntry cannot be applied to given types;
                    sellOut.add(new CobbleDollarsShopPayloads.ShopOfferEntry(
                                ^
  required: ItemStack,int,ItemStack,boolean,String
  found:    ItemStack,int,ItemStack,boolean
  reason: actual and formal argument lists differ in length
Note: E:\multi-platform-cobbledollars-villagers-overhaul-rca\common\src\main\java\nl\streats1\cobbledollarsvillagersoverhaul\network\CobbleDollarsShopPayloadHandlers.java uses unchecked or unsafe operations.
Note: Recompile with -Xlint:unchecked for details.
4 errors
43 warnings

[Incubating] Problems report is available at: file:///E:/multi-platform-cobbledollars-villagers-overhaul-rca/build/reports/problems/problems-report.html

FAILURE: Build failed with an exception.

* What went wrong:
Execution failed for task ':common:compileJava'.
> Compilation failed; see the compiler output below.
  E:\multi-platform-cobbledollars-villagers-overhaul-rca\common\src\main\java\nl\streats1\cobbledollarsvillagersoverhaul\integration\CobbleDollarsConfigHelper.java:125: error: constructor ShopOfferEntry in record ShopOfferEntry cannot be applied to given types;
                          out.add(new CobbleDollarsShopPayloads.ShopOfferEntry(new ItemStack(item, 1), price, empty, true));
                                  ^
    required: ItemStack,int,ItemStack,boolean,String
    found:    ItemStack,int,ItemStack,boolean
    reason: actual and formal argument lists differ in length
  E:\multi-platform-cobbledollars-villagers-overhaul-rca\common\src\main\java\nl\streats1\cobbledollarsvillagersoverhaul\network\CobbleDollarsShopPayloadHandlers.java:680: error: constructor ShopOfferEntry in record ShopOfferEntry cannot be applied to given types;
                      sellOut.add(new CobbleDollarsShopPayloads.ShopOfferEntry(
                                  ^
    required: ItemStack,int,ItemStack,boolean,String
    found:    ItemStack,int,ItemStack,boolean
    reason: actual and formal argument lists differ in length
  E:\multi-platform-cobbledollars-villagers-overhaul-rca\common\src\main\java\nl\streats1\cobbledollarsvillagersoverhaul\network\CobbleDollarsShopPayloadHandlers.java:737: error: constructor ShopOfferEntry in record ShopOfferEntry cannot be applied to given types;
                      buyOut.add(new CobbleDollarsShopPayloads.ShopOfferEntry(
                                 ^
    required: ItemStack,int,ItemStack,boolean,String
    found:    ItemStack,int,ItemStack,boolean
    reason: actual and formal argument lists differ in length
  E:\multi-platform-cobbledollars-villagers-overhaul-rca\common\src\main\java\nl\streats1\cobbledollarsvillagersoverhaul\network\CobbleDollarsShopPayloadHandlers.java:749: error: constructor ShopOfferEntry in record ShopOfferEntry cannot be applied to given types;
                      sellOut.add(new CobbleDollarsShopPayloads.ShopOfferEntry(
                                  ^
    required: ItemStack,int,ItemStack,boolean,String
    found:    ItemStack,int,ItemStack,boolean
    reason: actual and formal argument lists differ in length
  warning: unknown enum constant EnvType.CLIENT
    reason: class file for net.fabricmc.api.EnvType not found
  warning: unknown enum constant EnvType.CLIENT
  warning: unknown enum constant EnvType.CLIENT
  Note: E:\multi-platform-cobbledollars-villagers-overhaul-rca\common\src\main\java\nl\streats1\cobbledollarsvillagersoverhaul\network\CobbleDollarsShopPayloadHandlers.java uses unchecked or unsafe operations.
  Note: Recompile with -Xlint:unchecked for details.
  4 errors
  43 warnings

* Try:
> Check your code and dependencies to fix the compilation error(s)
> Run with --scan to get full insights.

BUILD FAILED in 2s
1 actionable task: 1 executed
